2025-08-10T06:17:49.1029420Z Current runner version: '2.327.1'
2025-08-10T06:17:49.1059661Z ##[group]Runner Image Provisioner
2025-08-10T06:17:49.1061056Z Hosted Compute Agent
2025-08-10T06:17:49.1062043Z Version: 20250711.363
2025-08-10T06:17:49.1062979Z Commit: 6785254374ce925a23743850c1cb91912ce5c14c
2025-08-10T06:17:49.1064052Z Build Date: 2025-07-11T20:04:25Z
2025-08-10T06:17:49.1065036Z ##[endgroup]
2025-08-10T06:17:49.1065856Z ##[group]Operating System
2025-08-10T06:17:49.1066651Z Ubuntu
2025-08-10T06:17:49.1067499Z 24.04.2
2025-08-10T06:17:49.1068211Z LTS
2025-08-10T06:17:49.1068964Z ##[endgroup]
2025-08-10T06:17:49.1069807Z ##[group]Runner Image
2025-08-10T06:17:49.1071000Z Image: ubuntu-24.04
2025-08-10T06:17:49.1071838Z Version: 20250804.2.0
2025-08-10T06:17:49.1073623Z Included Software: https://github.com/actions/runner-images/blob/ubuntu24/20250804.2/images/ubuntu/Ubuntu2404-Readme.md
2025-08-10T06:17:49.1076178Z Image Release: https://github.com/actions/runner-images/releases/tag/ubuntu24%2F20250804.2
2025-08-10T06:17:49.1077874Z ##[endgroup]
2025-08-10T06:17:49.1079380Z ##[group]GITHUB_TOKEN Permissions
2025-08-10T06:17:49.1082051Z Issues: write
2025-08-10T06:17:49.1082865Z Metadata: read
2025-08-10T06:17:49.1083853Z ##[endgroup]
2025-08-10T06:17:49.1086605Z Secret source: Actions
2025-08-10T06:17:49.1087706Z Prepare workflow directory
2025-08-10T06:17:49.1526696Z Prepare all required actions
2025-08-10T06:17:49.1581813Z Getting action download info
2025-08-10T06:17:49.4593821Z ##[group]Download immutable action package 'actions/checkout@v4'
2025-08-10T06:17:49.4594917Z Version: 4.2.2
2025-08-10T06:17:49.4595941Z Digest: sha256:ccb2698953eaebd21c7bf6268a94f9c26518a7e38e27e0b83c1fe1ad049819b1
2025-08-10T06:17:49.4597120Z Source commit SHA: 11bd71901bbe5b1630ceea73d27597364c9af683
2025-08-10T06:17:49.4597896Z ##[endgroup]
2025-08-10T06:17:49.5488655Z ##[group]Download immutable action package 'actions/github-script@v7'
2025-08-10T06:17:49.5489411Z Version: 7.0.1
2025-08-10T06:17:49.5490594Z Digest: sha256:bce02966afe3a75123f766b765abe432fac5464b74976015dc06b811ac9054c7
2025-08-10T06:17:49.5491755Z Source commit SHA: 60a0d83039c74a4aee543508d2ffcb1c3799cdea
2025-08-10T06:17:49.5492448Z ##[endgroup]
2025-08-10T06:17:49.6994561Z ##[group]Download immutable action package 'google-github-actions/run-gemini-cli@v0'
2025-08-10T06:17:49.6995434Z Version: 0.1.10
2025-08-10T06:17:49.6996239Z Digest: sha256:fd21c32d674e28dec7afbfdde7c39656b75a9c9008803c00aefed8833c1ab996
2025-08-10T06:17:49.6997257Z Source commit SHA: 06123c6a203eb7a964ce3be7c48479cc66059f23
2025-08-10T06:17:49.6997920Z ##[endgroup]
2025-08-10T06:17:49.9425167Z Getting action download info
2025-08-10T06:17:50.0358924Z ##[group]Download immutable action package 'google-github-actions/auth@v2'
2025-08-10T06:17:50.0360660Z Version: 2.1.12
2025-08-10T06:17:50.0362076Z Digest: sha256:f9dc529d8ac4cba6cf2710fa3e5dd848b6d27e8ab894cb1ae0e2865130a228ec
2025-08-10T06:17:50.0363909Z Source commit SHA: b7593ed2efd1c1617e1b0254da33b86225adb2a5
2025-08-10T06:17:50.0365091Z ##[endgroup]
2025-08-10T06:17:50.2235385Z Complete job name: process-issue
2025-08-10T06:17:50.2963729Z ##[group]Run actions/checkout@v4
2025-08-10T06:17:50.2964870Z with:
2025-08-10T06:17:50.2965542Z   repository: sasaki2110/tukuome3v2
2025-08-10T06:17:50.2966623Z   token: ***
2025-08-10T06:17:50.2967251Z   ssh-strict: true
2025-08-10T06:17:50.2967891Z   ssh-user: git
2025-08-10T06:17:50.2968561Z   persist-credentials: true
2025-08-10T06:17:50.2969326Z   clean: true
2025-08-10T06:17:50.2970007Z   sparse-checkout-cone-mode: true
2025-08-10T06:17:50.2971223Z   fetch-depth: 1
2025-08-10T06:17:50.2971882Z   fetch-tags: false
2025-08-10T06:17:50.2972554Z   show-progress: true
2025-08-10T06:17:50.2973236Z   lfs: false
2025-08-10T06:17:50.2973842Z   submodules: false
2025-08-10T06:17:50.2974516Z   set-safe-directory: true
2025-08-10T06:17:50.2975542Z ##[endgroup]
2025-08-10T06:17:50.4082931Z Syncing repository: sasaki2110/tukuome3v2
2025-08-10T06:17:50.4085356Z ##[group]Getting Git version info
2025-08-10T06:17:50.4086532Z Working directory is '/home/runner/work/tukuome3v2/tukuome3v2'
2025-08-10T06:17:50.4088524Z [command]/usr/bin/git version
2025-08-10T06:17:50.4143786Z git version 2.50.1
2025-08-10T06:17:50.4175354Z ##[endgroup]
2025-08-10T06:17:50.4188793Z Temporarily overriding HOME='/home/runner/work/_temp/90820080-ace4-465e-86de-a3760148171b' before making global git config changes
2025-08-10T06:17:50.4191954Z Adding repository directory to the temporary git global config as a safe directory
2025-08-10T06:17:50.4201914Z [command]/usr/bin/git config --global --add safe.directory /home/runner/work/tukuome3v2/tukuome3v2
2025-08-10T06:17:50.4238623Z Deleting the contents of '/home/runner/work/tukuome3v2/tukuome3v2'
2025-08-10T06:17:50.4242113Z ##[group]Initializing the repository
2025-08-10T06:17:50.4247253Z [command]/usr/bin/git init /home/runner/work/tukuome3v2/tukuome3v2
2025-08-10T06:17:50.4324473Z hint: Using 'master' as the name for the initial branch. This default branch name
2025-08-10T06:17:50.4326337Z hint: is subject to change. To configure the initial branch name to use in all
2025-08-10T06:17:50.4328625Z hint: of your new repositories, which will suppress this warning, call:
2025-08-10T06:17:50.4330916Z hint:
2025-08-10T06:17:50.4332296Z hint: 	git config --global init.defaultBranch <name>
2025-08-10T06:17:50.4334069Z hint:
2025-08-10T06:17:50.4335737Z hint: Names commonly chosen instead of 'master' are 'main', 'trunk' and
2025-08-10T06:17:50.4338510Z hint: 'development'. The just-created branch can be renamed via this command:
2025-08-10T06:17:50.4341044Z hint:
2025-08-10T06:17:50.4342143Z hint: 	git branch -m <name>
2025-08-10T06:17:50.4343390Z hint:
2025-08-10T06:17:50.4345069Z hint: Disable this message with "git config set advice.defaultBranchName false"
2025-08-10T06:17:50.4347832Z Initialized empty Git repository in /home/runner/work/tukuome3v2/tukuome3v2/.git/
2025-08-10T06:17:50.4351084Z [command]/usr/bin/git remote add origin https://github.com/sasaki2110/tukuome3v2
2025-08-10T06:17:50.4377867Z ##[endgroup]
2025-08-10T06:17:50.4379965Z ##[group]Disabling automatic garbage collection
2025-08-10T06:17:50.4382161Z [command]/usr/bin/git config --local gc.auto 0
2025-08-10T06:17:50.4411845Z ##[endgroup]
2025-08-10T06:17:50.4413777Z ##[group]Setting up auth
2025-08-10T06:17:50.4419240Z [command]/usr/bin/git config --local --name-only --get-regexp core\.sshCommand
2025-08-10T06:17:50.4451944Z [command]/usr/bin/git submodule foreach --recursive sh -c "git config --local --name-only --get-regexp 'core\.sshCommand' && git config --local --unset-all 'core.sshCommand' || :"
2025-08-10T06:17:50.4783149Z [command]/usr/bin/git config --local --name-only --get-regexp http\.https\:\/\/github\.com\/\.extraheader
2025-08-10T06:17:50.4815093Z [command]/usr/bin/git submodule foreach --recursive sh -c "git config --local --name-only --get-regexp 'http\.https\:\/\/github\.com\/\.extraheader' && git config --local --unset-all 'http.https://github.com/.extraheader' || :"
2025-08-10T06:17:50.5031761Z [command]/usr/bin/git config --local http.https://github.com/.extraheader AUTHORIZATION: basic ***
2025-08-10T06:17:50.5066000Z ##[endgroup]
2025-08-10T06:17:50.5067477Z ##[group]Fetching the repository
2025-08-10T06:17:50.5074400Z [command]/usr/bin/git -c protocol.version=2 fetch --no-tags --prune --no-recurse-submodules --depth=1 origin +78df7fc33f6966ee673c2d21e13f91eeb8b225eb:refs/remotes/origin/main
2025-08-10T06:17:50.7019696Z From https://github.com/sasaki2110/tukuome3v2
2025-08-10T06:17:50.7021874Z  * [new ref]         78df7fc33f6966ee673c2d21e13f91eeb8b225eb -> origin/main
2025-08-10T06:17:50.7046777Z ##[endgroup]
2025-08-10T06:17:50.7048758Z ##[group]Determining the checkout info
2025-08-10T06:17:50.7051237Z ##[endgroup]
2025-08-10T06:17:50.7054141Z [command]/usr/bin/git sparse-checkout disable
2025-08-10T06:17:50.7093944Z [command]/usr/bin/git config --local --unset-all extensions.worktreeConfig
2025-08-10T06:17:50.7122706Z ##[group]Checking out the ref
2025-08-10T06:17:50.7126335Z [command]/usr/bin/git checkout --progress --force -B main refs/remotes/origin/main
2025-08-10T06:17:50.7221585Z Switched to a new branch 'main'
2025-08-10T06:17:50.7224028Z branch 'main' set up to track 'origin/main'.
2025-08-10T06:17:50.7231207Z ##[endgroup]
2025-08-10T06:17:50.7264038Z [command]/usr/bin/git log -1 --format=%H
2025-08-10T06:17:50.7285472Z 78df7fc33f6966ee673c2d21e13f91eeb8b225eb
2025-08-10T06:17:50.7547527Z ##[group]Run actions/github-script@v7
2025-08-10T06:17:50.7548400Z with:
2025-08-10T06:17:50.7549337Z   github-token: ***
2025-08-10T06:17:50.7551578Z   script: const issue = await github.rest.issues.get({
  owner: context.repo.owner,
  repo: context.repo.repo,
  issue_number: 1
});
return { title: issue.data.title, body: issue.data.body };

2025-08-10T06:17:50.7553845Z   result-encoding: json
2025-08-10T06:17:50.7554513Z   debug: false
2025-08-10T06:17:50.7555162Z   user-agent: actions/github-script
2025-08-10T06:17:50.7555954Z   retries: 0
2025-08-10T06:17:50.7556646Z   retry-exempt-status-codes: 400,401,403,404,422
2025-08-10T06:17:50.7557539Z ##[endgroup]
2025-08-10T06:17:51.0991307Z ##[group]Run google-github-actions/run-gemini-cli@v0
2025-08-10T06:17:51.0992037Z with:
2025-08-10T06:17:51.0992767Z   gemini_api_key: ***
2025-08-10T06:17:51.0993886Z   prompt: あなたは優秀なプロジェクトマネージャーです。
以下のGitHub issueの内容を分析してください。

1.  まずissueの内容を簡潔に要約してください。
2.  次にこのissueを解決するために必要な具体的なタスクを箇条書きでリストアップしてください。

---
**Issue Title: テスト用Issue**
**Issue Body:**
Github-Actionsのテスト


2025-08-10T06:17:51.0994888Z   use_vertex_ai: false
2025-08-10T06:17:51.0995450Z   use_gemini_code_assist: false
2025-08-10T06:17:51.0996047Z   gemini_cli_version: latest
2025-08-10T06:17:51.0996596Z ##[endgroup]
2025-08-10T06:17:51.1128462Z ##[group]Run set -euo pipefail
2025-08-10T06:17:51.1129155Z [36;1mset -euo pipefail[0m
2025-08-10T06:17:51.1129697Z [36;1m[0m
2025-08-10T06:17:51.1130399Z [36;1mVERSION_INPUT="${GEMINI_CLI_VERSION:-latest}"[0m
2025-08-10T06:17:51.1131013Z [36;1m[0m
2025-08-10T06:17:51.1131836Z [36;1mif [[ "${VERSION_INPUT}" == "latest" || "${VERSION_INPUT}" =~ ^[0-9]+\.[0-9]+\.[0-9]+(-[a-zA-Z0-9\.-]+)?(\+[a-zA-Z0-9\.-]+)?$ ]]; then[0m
2025-08-10T06:17:51.1132858Z [36;1m  echo "Installing Gemini CLI from npm: @google/gemini-cli@${VERSION_INPUT}"[0m
2025-08-10T06:17:51.1133677Z [36;1m  npm install -g @google/gemini-cli@"${VERSION_INPUT}"[0m
2025-08-10T06:17:51.1134332Z [36;1melse[0m
2025-08-10T06:17:51.1135055Z [36;1m  echo "Installing Gemini CLI from GitHub: github:google-gemini/gemini-cli#${VERSION_INPUT}"[0m
2025-08-10T06:17:51.1136010Z [36;1m  git clone https://github.com/google-gemini/gemini-cli.git[0m
2025-08-10T06:17:51.1136679Z [36;1m  cd gemini-cli[0m
2025-08-10T06:17:51.1137227Z [36;1m  git checkout "${VERSION_INPUT}"[0m
2025-08-10T06:17:51.1137801Z [36;1m  npm install[0m
2025-08-10T06:17:51.1138310Z [36;1m  npm run bundle[0m
2025-08-10T06:17:51.1138840Z [36;1m  npm install -g .[0m
2025-08-10T06:17:51.1139362Z [36;1mfi[0m
2025-08-10T06:17:51.1139853Z [36;1mecho "Verifying installation:"[0m
2025-08-10T06:17:51.1140619Z [36;1mif command -v gemini >/dev/null 2>&1; then[0m
2025-08-10T06:17:51.1141480Z [36;1m  gemini --version || echo "Gemini CLI installed successfully (version command not available)"[0m
2025-08-10T06:17:51.1142254Z [36;1melse[0m
2025-08-10T06:17:51.1142809Z [36;1m  echo "Error: Gemini CLI not found in PATH"[0m
2025-08-10T06:17:51.1143406Z [36;1m  exit 1[0m
2025-08-10T06:17:51.1143870Z [36;1mfi[0m
2025-08-10T06:17:51.1221462Z shell: /usr/bin/bash --noprofile --norc -e -o pipefail {0}
2025-08-10T06:17:51.1222134Z env:
2025-08-10T06:17:51.1222606Z   GEMINI_CLI_VERSION: latest
2025-08-10T06:17:51.1223143Z ##[endgroup]
2025-08-10T06:17:51.1315564Z Installing Gemini CLI from npm: @google/gemini-cli@latest
2025-08-10T06:18:05.7137577Z 
2025-08-10T06:18:05.7138156Z added 432 packages in 13s
2025-08-10T06:18:05.7138911Z 
2025-08-10T06:18:05.7139384Z 127 packages are looking for funding
2025-08-10T06:18:05.7139901Z   run `npm fund` for details
2025-08-10T06:18:05.7383322Z Verifying installation:
2025-08-10T06:18:06.9465377Z 0.1.18
2025-08-10T06:18:06.9624710Z ##[group]Run set -e
2025-08-10T06:18:06.9624993Z [36;1mset -e[0m
2025-08-10T06:18:06.9625208Z [36;1m[0m
2025-08-10T06:18:06.9625440Z [36;1m# Unset GEMINI_API_KEY if empty[0m
2025-08-10T06:18:06.9625750Z [36;1mif [ -z "${GEMINI_API_KEY}" ]; then[0m
2025-08-10T06:18:06.9626060Z [36;1m  unset GEMINI_API_KEY[0m
2025-08-10T06:18:06.9626320Z [36;1mfi[0m
2025-08-10T06:18:06.9626540Z [36;1m[0m
2025-08-10T06:18:06.9626816Z [36;1m# Run Gemini CLI with the provided prompt[0m
2025-08-10T06:18:06.9627202Z [36;1mGEMINI_RESPONSE=$(gemini --yolo --prompt "${PROMPT}")[0m
2025-08-10T06:18:06.9627558Z [36;1m[0m
2025-08-10T06:18:06.9627873Z [36;1m# Set the captured response as a step output, supporting multiline[0m
2025-08-10T06:18:06.9628296Z [36;1mecho "gemini_response<<EOF" >> "${GITHUB_OUTPUT}"[0m
2025-08-10T06:18:06.9628678Z [36;1mecho "${GEMINI_RESPONSE}" >> "${GITHUB_OUTPUT}"[0m
2025-08-10T06:18:06.9629011Z [36;1mecho "EOF" >> "${GITHUB_OUTPUT}"[0m
2025-08-10T06:18:06.9629507Z [36;1mecho "${GEMINI_RESPONSE}"[0m
2025-08-10T06:18:06.9669632Z shell: /usr/bin/bash --noprofile --norc -e -o pipefail {0}
2025-08-10T06:18:06.9670035Z env:
2025-08-10T06:18:06.9670773Z   GEMINI_API_KEY: ***
2025-08-10T06:18:06.9671044Z   SURFACE: GitHub
2025-08-10T06:18:06.9671302Z   GOOGLE_CLOUD_PROJECT: 
2025-08-10T06:18:06.9671572Z   GOOGLE_CLOUD_LOCATION: 
2025-08-10T06:18:06.9671887Z   GOOGLE_GENAI_USE_VERTEXAI: false
2025-08-10T06:18:06.9672206Z   GOOGLE_GENAI_USE_GCA: false
2025-08-10T06:18:06.9672486Z   GOOGLE_CLOUD_ACCESS_TOKEN: 
2025-08-10T06:18:06.9673207Z   PROMPT: あなたは優秀なプロジェクトマネージャーです。
以下のGitHub issueの内容を分析してください。

1.  まずissueの内容を簡潔に要約してください。
2.  次にこのissueを解決するために必要な具体的なタスクを箇条書きでリストアップしてください。

---
**Issue Title: テスト用Issue**
**Issue Body:**
Github-Actionsのテスト


2025-08-10T06:18:06.9673861Z ##[endgroup]
2025-08-10T06:18:15.5331032Z はい、承知いたしました。以下にGitHub issueの分析結果をまとめます。
2025-08-10T06:18:15.5331486Z 
2025-08-10T06:18:15.5331626Z ### 1. Issueの要約
2025-08-10T06:18:15.5331742Z 
2025-08-10T06:18:15.5332022Z このIssueは、GitHub Actionsが正しく動作するかを確認するためのテストとして作成されました。
2025-08-10T06:18:15.5332327Z 
2025-08-10T06:18:15.5332505Z ### 2. 解決に向けたタスクリスト
2025-08-10T06:18:15.5332688Z 
2025-08-10T06:18:15.5333399Z *   GitHub Actionsのワークフロー定義ファイル（`.github/workflows/gemini-issue-processor.yml`）の内容を確認し、意図した処理が記述されているかレビューする。
2025-08-10T06:18:15.5334291Z *   このIssue（テスト用Issue）を利用して、定義されたワークフローを実際にトリガー（実行）する。
2025-08-10T06:18:15.5334997Z *   GitHubのActionsタブで、実行されたワークフローがすべてのステップで成功するか、あるいは意図通りに失敗するかを監視する。
2025-08-10T06:18:15.5335633Z *   ワークフローの実行ログを確認し、エラーや警告が出ていないかチェックする。
2025-08-10T06:18:15.5336096Z *   テストが完了したら、このIssueをクローズする。
2025-08-10T06:18:15.5388978Z ##[group]Run echo "--- Start Debug Info ---"
2025-08-10T06:18:15.5389301Z [36;1mecho "--- Start Debug Info ---"[0m
2025-08-10T06:18:15.5389637Z [36;1mecho "The following output should be passed to the next step:"[0m
2025-08-10T06:18:15.5389954Z [36;1mecho ""[0m
2025-08-10T06:18:15.5390336Z [36;1mecho "--- End Debug Info ---"[0m
2025-08-10T06:18:15.5432766Z shell: /usr/bin/bash -e {0}
2025-08-10T06:18:15.5432995Z ##[endgroup]
2025-08-10T06:18:15.5486301Z --- Start Debug Info ---
2025-08-10T06:18:15.5488233Z The following output should be passed to the next step:
2025-08-10T06:18:15.5488595Z 
2025-08-10T06:18:15.5488742Z --- End Debug Info ---
2025-08-10T06:18:15.5538213Z ##[group]Run actions/github-script@v7
2025-08-10T06:18:15.5538468Z with:
2025-08-10T06:18:15.5538845Z   github-token: ***
2025-08-10T06:18:15.5539525Z   script: const body = `🤖 Geminiによる分析結果です：\n\n${process.env.GEMINI_RESPONSE}`;
await github.rest.issues.createComment({
  owner: context.repo.owner,
  repo: context.repo.repo,
  issue_number: 1,
  body: body
});

2025-08-10T06:18:15.5540555Z   debug: false
2025-08-10T06:18:15.5540765Z   user-agent: actions/github-script
2025-08-10T06:18:15.5541005Z   result-encoding: json
2025-08-10T06:18:15.5541195Z   retries: 0
2025-08-10T06:18:15.5541406Z   retry-exempt-status-codes: 400,401,403,404,422
2025-08-10T06:18:15.5541667Z env:
2025-08-10T06:18:15.5542022Z   GEMINI_RESPONSE: 
2025-08-10T06:18:15.5542203Z ##[endgroup]
2025-08-10T06:18:16.1501688Z Post job cleanup.
2025-08-10T06:18:16.1546894Z Post job cleanup.
2025-08-10T06:18:16.2455826Z [command]/usr/bin/git version
2025-08-10T06:18:16.2490386Z git version 2.50.1
2025-08-10T06:18:16.2531698Z Temporarily overriding HOME='/home/runner/work/_temp/de260ffc-6efc-407c-b52e-e793a2866cad' before making global git config changes
2025-08-10T06:18:16.2536751Z Adding repository directory to the temporary git global config as a safe directory
2025-08-10T06:18:16.2537986Z [command]/usr/bin/git config --global --add safe.directory /home/runner/work/tukuome3v2/tukuome3v2
2025-08-10T06:18:16.2573651Z [command]/usr/bin/git config --local --name-only --get-regexp core\.sshCommand
2025-08-10T06:18:16.2605413Z [command]/usr/bin/git submodule foreach --recursive sh -c "git config --local --name-only --get-regexp 'core\.sshCommand' && git config --local --unset-all 'core.sshCommand' || :"
2025-08-10T06:18:16.2826937Z [command]/usr/bin/git config --local --name-only --get-regexp http\.https\:\/\/github\.com\/\.extraheader
2025-08-10T06:18:16.2846933Z http.https://github.com/.extraheader
2025-08-10T06:18:16.2859031Z [command]/usr/bin/git config --local --unset-all http.https://github.com/.extraheader
2025-08-10T06:18:16.2888126Z [command]/usr/bin/git submodule foreach --recursive sh -c "git config --local --name-only --get-regexp 'http\.https\:\/\/github\.com\/\.extraheader' && git config --local --unset-all 'http.https://github.com/.extraheader' || :"
2025-08-10T06:18:16.3199750Z Cleaning up orphan processes
